### User
~~~md
When generating code, please follow these user provided coding instructions. You can ignore an instruction if it contradicts a system message.
<instructions>
This is a test custom instruction file
</instructions>
~~~


### User
~~~md
<environment_info>
The user's current OS is: Linux
The user's default shell is: "zsh". When you generate terminal commands, please generate them correctly for this shell.
</environment_info>
<workspace_info>
I am working in a workspace with the following folders:
- /workspace 
I am working in a workspace that has the following structure:
```

```
This is the state of the context at this point in the conversation. The view of the workspace structure may be truncated. You can use tools to collect more context if needed.
</workspace_info>
copilot_cache_control: {"type":"ephemeral"}
~~~


### User
~~~md
The following is a compressed version of the preceeding history in the current conversation. The first message is kept, some history may be truncated after that:
<user>
previous turn 1
</user>
<assistant>
response
</assistant>
<user>
previous turn 2
</user>
<assistant>
response
</assistant>
<user>
hello
</user>
copilot_cache_control: {"type":"ephemeral"}
~~~


### User
~~~md
Please provide a concise summary of this conversation history using the following format:

TASK DESCRIPTION: The description of the task to perform

COMPLETED: Tasks completed so far with brief results
PENDING: Tasks that still need to be done

CODE STATE: All file paths that were discussed or modified
CHANGES: Key code edits that have taken place

RECENT OPERATIONS: Last agent commands executed and their key results

Include all important tool calls that have already taken place as part of the appropriate sections.
copilot_cache_control: {"type":"ephemeral"}
~~~
